// Jest Snapshot v1, https://goo.gl/fbAQLP

exports[`Quit Dialog renders correctly 1`] = `<DocumentFragment />`;
